// Jest Snapshot v1, https://goo.gl/fbAQLP

exports[`should render ExpenseList with empty message 1`] = `
<div>
  <div
    className="expenses"
  >
    <p>
      No expenses
    </p>
  </div>
</div>
`;

exports[`should render ExpenseList with expenses 1`] = `
<div>
  <div
    className="expenses"
  >
    <ExpenseListItem
      amount={195}
      createdAt={0}
      description="gum"
      id="1"
      key="1"
      note=""
    />
    <ExpenseListItem
      amount={109500}
      createdAt={-345600000}
      description="rent"
      id="2"
      key="2"
      note=""
    />
    <ExpenseListItem
      amount={4500}
      createdAt={345600000}
      description="Credit card"
      id="3"
      key="3"
      note=""
    />
  </div>
</div>
`;
