// Jest Snapshot v1, https://goo.gl/fbAQLP

exports[`should render ExpenseListItem with expense 1`] = `
<div
  className="expense"
>
  <Link
    replace={false}
    to="/edit/1"
  >
    <h3>
      gum
    </h3>
  </Link>
  <p>
    $1.15
    -
    1st January 1970
  </p>
</div>
`;
